1	24	0
1	2088	0
1	6128	0
1	6200	0
1	10296	0
1	14392	0
